[2026-05-06T06:30Z] Fetching 6 page(s)…
  50 unique trade(s) fetched
  0 new candidate trade(s) within 4h window ≥ $10,000
[2026-05-06T07:00Z] Fetching 6 page(s)…
  50 unique trade(s) fetched
  0 new candidate trade(s) within 4h window ≥ $10,000
[2026-05-06T07:30Z] Fetching 6 page(s)…
  50 unique trade(s) fetched
  0 new candidate trade(s) within 4h window ≥ $10,000
[2026-05-06T08:00Z] Fetching 6 page(s)…
  50 unique trade(s) fetched
  0 new candidate trade(s) within 4h window ≥ $10,000
[2026-05-06T08:30Z] Fetching 6 page(s)…
  50 unique trade(s) fetched
  0 new candidate trade(s) within 4h window ≥ $10,000
[2026-05-06T09:00Z] Fetching 6 page(s)…
  50 unique trade(s) fetched
  0 new candidate trade(s) within 4h window ≥ $10,000
[2026-05-06T09:30Z] Fetching 6 page(s)…
  50 unique trade(s) fetched
  0 new candidate trade(s) within 4h window ≥ $10,000
[2026-05-06T10:00Z] Fetching 6 page(s)…
  50 unique trade(s) fetched
  0 new candidate trade(s) within 4h window ≥ $10,000
[2026-05-06T10:30Z] Fetching 6 page(s)…
  50 unique trade(s) fetched
  0 new candidate trade(s) within 4h window ≥ $10,000
[2026-05-06T11:00Z] Fetching 6 page(s)…
  50 unique trade(s) fetched
  0 new candidate trade(s) within 4h window ≥ $10,000
[2026-05-06T11:30Z] Fetching 6 page(s)…
  50 unique trade(s) fetched
  0 new candidate trade(s) within 4h window ≥ $10,000
[2026-05-06T12:00Z] Fetching 6 page(s)…
  50 unique trade(s) fetched
  6 new candidate trade(s) within 4h window ≥ $10,000
  6 market(s) to alert
  [1/6] Sent: Will the price of Bitcoin be above $80,000 on May 6?
  [2/6] Sent: Will the price of Ethereum be between $2,400 and $2,500 on M
  [3/6] Sent: Bitcoin Up or Down on May 6?
  [4/6] Sent: Ethereum Up or Down on May 6?
  [5/6] Sent: Will the price of Bitcoin be above $78,000 on May 6?
  [6/6] Sent: Will Elon Musk post 65-89 tweets from May 4 to May 6, 2026?
Done. 6 market alert(s), 6 trade(s) added to state.
[2026-05-06T12:30Z] Fetching 6 page(s)…
  50 unique trade(s) fetched
  0 new candidate trade(s) within 4h window ≥ $10,000
[2026-05-06T13:00Z] Fetching 6 page(s)…
  50 unique trade(s) fetched
  0 new candidate trade(s) within 4h window ≥ $10,000, 1 stale (>4h old)
[2026-05-06T13:30Z] Fetching 6 page(s)…
  50 unique trade(s) fetched
  0 new candidate trade(s) within 4h window ≥ $10,000, 1 stale (>4h old)
[2026-05-06T14:00Z] Fetching 6 page(s)…
  50 unique trade(s) fetched
  0 new candidate trade(s) within 4h window ≥ $10,000, 1 stale (>4h old)
[2026-05-06T14:30Z] Fetching 6 page(s)…
  50 unique trade(s) fetched
  0 new candidate trade(s) within 4h window ≥ $10,000, 1 stale (>4h old)
[2026-05-06T15:00Z] Fetching 6 page(s)…
  50 unique trade(s) fetched
  1 new candidate trade(s) within 4h window ≥ $10,000
  1 market(s) to alert
  [1/1] Sent: Will Elon Musk post 65-89 tweets from May 4 to May 6, 2026?
Done. 1 market alert(s), 1 trade(s) added to state.
[2026-05-06T15:30Z] Fetching 6 page(s)…
  50 unique trade(s) fetched
  0 new candidate trade(s) within 4h window ≥ $10,000
[2026-05-06T16:00Z] Fetching 6 page(s)…
  50 unique trade(s) fetched
  0 new candidate trade(s) within 4h window ≥ $10,000, 1 stale (>4h old)
[2026-05-06T16:30Z] Fetching 6 page(s)…
  50 unique trade(s) fetched
  0 new candidate trade(s) within 4h window ≥ $10,000, 1 stale (>4h old)
[2026-05-06T17:00Z] Fetching 6 page(s)…
  50 unique trade(s) fetched
  0 new candidate trade(s) within 4h window ≥ $10,000, 1 stale (>4h old)
[2026-05-06T17:30Z] Fetching 6 page(s)…
  50 unique trade(s) fetched
  0 new candidate trade(s) within 4h window ≥ $10,000, 1 stale (>4h old)
[2026-05-06T18:00Z] Fetching 6 page(s)…
  50 unique trade(s) fetched
  0 new candidate trade(s) within 4h window ≥ $10,000, 1 stale (>4h old)
[2026-05-06T18:30Z] Fetching 6 page(s)…
  50 unique trade(s) fetched
  0 new candidate trade(s) within 4h window ≥ $10,000, 1 stale (>4h old)
[2026-05-06T19:00Z] Fetching 6 page(s)…
  50 unique trade(s) fetched
  0 new candidate trade(s) within 4h window ≥ $10,000
[2026-05-06T19:30Z] Fetching 6 page(s)…
  50 unique trade(s) fetched
  0 new candidate trade(s) within 4h window ≥ $10,000
[2026-05-06T20:00Z] Fetching 6 page(s)…
  50 unique trade(s) fetched
  0 new candidate trade(s) within 4h window ≥ $10,000
[2026-05-06T20:30Z] Fetching 6 page(s)…
  50 unique trade(s) fetched
  0 new candidate trade(s) within 4h window ≥ $10,000
[2026-05-06T21:00Z] Fetching 6 page(s)…
  50 unique trade(s) fetched
  0 new candidate trade(s) within 4h window ≥ $10,000
[2026-05-06T21:30Z] Fetching 6 page(s)…
  50 unique trade(s) fetched
  0 new candidate trade(s) within 4h window ≥ $10,000
[2026-05-06T22:00Z] Fetching 6 page(s)…
  50 unique trade(s) fetched
  0 new candidate trade(s) within 4h window ≥ $10,000
[2026-05-06T22:30Z] Fetching 6 page(s)…
  50 unique trade(s) fetched
  0 new candidate trade(s) within 4h window ≥ $10,000
[2026-05-06T23:00Z] Fetching 6 page(s)…
  50 unique trade(s) fetched
  0 new candidate trade(s) within 4h window ≥ $10,000
[2026-05-06T23:30Z] Fetching 6 page(s)…
  50 unique trade(s) fetched
  0 new candidate trade(s) within 4h window ≥ $10,000
[2026-05-07T00:00Z] Fetching 6 page(s)…
  50 unique trade(s) fetched
  0 new candidate trade(s) within 4h window ≥ $10,000
[2026-05-07T00:30Z] Fetching 6 page(s)…
  50 unique trade(s) fetched
  0 new candidate trade(s) within 4h window ≥ $10,000
[2026-05-07T01:00Z] Fetching 6 page(s)…
  50 unique trade(s) fetched
  0 new candidate trade(s) within 4h window ≥ $10,000
[2026-05-07T01:30Z] Fetching 6 page(s)…
  50 unique trade(s) fetched
  0 new candidate trade(s) within 4h window ≥ $10,000
[2026-05-07T02:00Z] Fetching 6 page(s)…
  50 unique trade(s) fetched
  0 new candidate trade(s) within 4h window ≥ $10,000
[2026-05-07T02:30Z] Fetching 6 page(s)…
  50 unique trade(s) fetched
  0 new candidate trade(s) within 4h window ≥ $10,000
[2026-05-07T03:00Z] Fetching 6 page(s)…
  50 unique trade(s) fetched
  0 new candidate trade(s) within 4h window ≥ $10,000
[2026-05-07T03:30Z] Fetching 6 page(s)…
  50 unique trade(s) fetched
  0 new candidate trade(s) within 4h window ≥ $10,000
[2026-05-07T04:00Z] Fetching 6 page(s)…
  50 unique trade(s) fetched
  0 new candidate trade(s) within 4h window ≥ $10,000
[2026-05-07T04:30Z] Fetching 6 page(s)…
  50 unique trade(s) fetched
  0 new candidate trade(s) within 4h window ≥ $10,000
[2026-05-07T05:00Z] Fetching 6 page(s)…
  50 unique trade(s) fetched
  0 new candidate trade(s) within 4h window ≥ $10,000
[2026-05-07T05:30Z] Fetching 6 page(s)…
  50 unique trade(s) fetched
  0 new candidate trade(s) within 4h window ≥ $10,000
[2026-05-07T06:00Z] Fetching 6 page(s)…
  50 unique trade(s) fetched
  0 new candidate trade(s) within 4h window ≥ $10,000
[2026-05-07T06:30Z] Fetching 6 page(s)…
  50 unique trade(s) fetched
  0 new candidate trade(s) within 4h window ≥ $10,000
[2026-05-07T07:00Z] Fetching 6 page(s)…
  50 unique trade(s) fetched
  0 new candidate trade(s) within 4h window ≥ $10,000
[2026-05-07T07:30Z] Fetching 6 page(s)…
  50 unique trade(s) fetched
  0 new candidate trade(s) within 4h window ≥ $10,000
[2026-05-07T08:00Z] Fetching 6 page(s)…
  50 unique trade(s) fetched
  0 new candidate trade(s) within 4h window ≥ $10,000, 1 stale (>4h old)
[2026-05-07T08:30Z] Fetching 6 page(s)…
  50 unique trade(s) fetched
  0 new candidate trade(s) within 4h window ≥ $10,000, 1 stale (>4h old)
[2026-05-07T09:00Z] Fetching 6 page(s)…
  50 unique trade(s) fetched
  0 new candidate trade(s) within 4h window ≥ $10,000
[2026-05-07T09:30Z] Fetching 6 page(s)…
  50 unique trade(s) fetched
  0 new candidate trade(s) within 4h window ≥ $10,000
[2026-05-07T10:00Z] Fetching 6 page(s)…
  50 unique trade(s) fetched
  0 new candidate trade(s) within 4h window ≥ $10,000
[2026-05-07T10:30Z] Fetching 6 page(s)…
  50 unique trade(s) fetched
  0 new candidate trade(s) within 4h window ≥ $10,000
[2026-05-07T11:00Z] Fetching 6 page(s)…
  50 unique trade(s) fetched
  0 new candidate trade(s) within 4h window ≥ $10,000
[2026-05-07T11:30Z] Fetching 6 page(s)…
  50 unique trade(s) fetched
  0 new candidate trade(s) within 4h window ≥ $10,000
[2026-05-07T12:00Z] Fetching 6 page(s)…
  50 unique trade(s) fetched
  0 new candidate trade(s) within 4h window ≥ $10,000
[2026-05-07T12:30Z] Fetching 6 page(s)…
  50 unique trade(s) fetched
  0 new candidate trade(s) within 4h window ≥ $10,000
[2026-05-07T13:00Z] Fetching 6 page(s)…
  50 unique trade(s) fetched
  0 new candidate trade(s) within 4h window ≥ $10,000
[2026-05-07T13:30Z] Fetching 6 page(s)…
  50 unique trade(s) fetched
  0 new candidate trade(s) within 4h window ≥ $10,000
[2026-05-07T14:00Z] Fetching 6 page(s)…
  50 unique trade(s) fetched
  0 new candidate trade(s) within 4h window ≥ $10,000
[2026-05-07T14:30Z] Fetching 6 page(s)…
  50 unique trade(s) fetched
  0 new candidate trade(s) within 4h window ≥ $10,000
[2026-05-07T15:00Z] Fetching 6 page(s)…
  50 unique trade(s) fetched
  0 new candidate trade(s) within 4h window ≥ $10,000
[2026-05-07T15:30Z] Fetching 6 page(s)…
  50 unique trade(s) fetched
  0 new candidate trade(s) within 4h window ≥ $10,000
[2026-05-07T16:00Z] Fetching 6 page(s)…
  50 unique trade(s) fetched
  0 new candidate trade(s) within 4h window ≥ $10,000
[2026-05-07T16:30Z] Fetching 6 page(s)…
  50 unique trade(s) fetched
  0 new candidate trade(s) within 4h window ≥ $10,000
[2026-05-07T17:00Z] Fetching 6 page(s)…
  50 unique trade(s) fetched
  0 new candidate trade(s) within 4h window ≥ $10,000
[2026-05-07T17:30Z] Fetching 6 page(s)…
  50 unique trade(s) fetched
  0 new candidate trade(s) within 4h window ≥ $10,000
[2026-05-07T18:00Z] Fetching 6 page(s)…
  50 unique trade(s) fetched
  0 new candidate trade(s) within 4h window ≥ $10,000
[2026-05-07T18:30Z] Fetching 6 page(s)…
  50 unique trade(s) fetched
  0 new candidate trade(s) within 4h window ≥ $10,000
[2026-05-07T19:00Z] Fetching 6 page(s)…
  50 unique trade(s) fetched
  0 new candidate trade(s) within 4h window ≥ $10,000
[2026-05-07T19:30Z] Fetching 6 page(s)…
  50 unique trade(s) fetched
  0 new candidate trade(s) within 4h window ≥ $10,000
[2026-05-07T20:00Z] Fetching 6 page(s)…
  50 unique trade(s) fetched
  0 new candidate trade(s) within 4h window ≥ $10,000
[2026-05-07T20:30Z] Fetching 6 page(s)…
  50 unique trade(s) fetched
  0 new candidate trade(s) within 4h window ≥ $10,000
[2026-05-07T21:00Z] Fetching 6 page(s)…
  50 unique trade(s) fetched
  0 new candidate trade(s) within 4h window ≥ $10,000
[2026-05-07T21:30Z] Fetching 6 page(s)…
  50 unique trade(s) fetched
  0 new candidate trade(s) within 4h window ≥ $10,000
[2026-05-07T22:00Z] Fetching 6 page(s)…
  50 unique trade(s) fetched
  0 new candidate trade(s) within 4h window ≥ $10,000
[2026-05-07T22:30Z] Fetching 6 page(s)…
  50 unique trade(s) fetched
  0 new candidate trade(s) within 4h window ≥ $10,000
[2026-05-07T23:00Z] Fetching 6 page(s)…
  50 unique trade(s) fetched
  0 new candidate trade(s) within 4h window ≥ $10,000
[2026-05-08T06:30Z] Fetching 6 page(s)…
  50 unique trade(s) fetched
  0 new candidate trade(s) within 4h window ≥ $10,000
[2026-05-08T07:00Z] Fetching 6 page(s)…
  50 unique trade(s) fetched
  0 new candidate trade(s) within 4h window ≥ $10,000
[2026-05-08T07:30Z] Fetching 6 page(s)…
  50 unique trade(s) fetched
  0 new candidate trade(s) within 4h window ≥ $10,000
[2026-05-08T08:00Z] Fetching 6 page(s)…
  50 unique trade(s) fetched
  0 new candidate trade(s) within 4h window ≥ $10,000, 1 stale (>4h old)
[2026-05-08T08:30Z] Fetching 6 page(s)…
  50 unique trade(s) fetched
  0 new candidate trade(s) within 4h window ≥ $10,000, 1 stale (>4h old)
[2026-05-08T09:00Z] Fetching 6 page(s)…
  50 unique trade(s) fetched
  0 new candidate trade(s) within 4h window ≥ $10,000, 1 stale (>4h old)
[2026-05-08T09:30Z] Fetching 6 page(s)…
  50 unique trade(s) fetched
  0 new candidate trade(s) within 4h window ≥ $10,000, 1 stale (>4h old)
[2026-05-08T10:00Z] Fetching 6 page(s)…
  50 unique trade(s) fetched
  0 new candidate trade(s) within 4h window ≥ $10,000, 1 stale (>4h old)
[2026-05-08T10:30Z] Fetching 6 page(s)…
  50 unique trade(s) fetched
  0 new candidate trade(s) within 4h window ≥ $10,000, 1 stale (>4h old)
[2026-05-08T11:00Z] Fetching 6 page(s)…
  50 unique trade(s) fetched
  0 new candidate trade(s) within 4h window ≥ $10,000, 1 stale (>4h old)
[2026-05-08T11:30Z] Fetching 6 page(s)…
  50 unique trade(s) fetched
  0 new candidate trade(s) within 4h window ≥ $10,000, 1 stale (>4h old)
[2026-05-08T12:00Z] Fetching 6 page(s)…
  50 unique trade(s) fetched
  0 new candidate trade(s) within 4h window ≥ $10,000, 5 stale (>4h old)
[2026-05-08T12:30Z] Fetching 6 page(s)…
  50 unique trade(s) fetched
  0 new candidate trade(s) within 4h window ≥ $10,000, 3 stale (>4h old)
[2026-05-08T13:00Z] Fetching 6 page(s)…
  50 unique trade(s) fetched
  0 new candidate trade(s) within 4h window ≥ $10,000, 3 stale (>4h old)
[2026-05-08T13:30Z] Fetching 6 page(s)…
  50 unique trade(s) fetched
  0 new candidate trade(s) within 4h window ≥ $10,000, 2 stale (>4h old)
[2026-05-08T14:00Z] Fetching 6 page(s)…
  50 unique trade(s) fetched
  0 new candidate trade(s) within 4h window ≥ $10,000, 2 stale (>4h old)
[2026-05-08T14:30Z] Fetching 6 page(s)…
  50 unique trade(s) fetched
  0 new candidate trade(s) within 4h window ≥ $10,000, 3 stale (>4h old)
[2026-05-08T15:00Z] Fetching 6 page(s)…
  50 unique trade(s) fetched
  0 new candidate trade(s) within 4h window ≥ $10,000, 4 stale (>4h old)
[2026-05-08T15:30Z] Fetching 6 page(s)…
  50 unique trade(s) fetched
  0 new candidate trade(s) within 4h window ≥ $10,000, 6 stale (>4h old)
[2026-05-08T16:00Z] Fetching 6 page(s)…
  50 unique trade(s) fetched
  0 new candidate trade(s) within 4h window ≥ $10,000
[2026-05-08T16:30Z] Fetching 6 page(s)…
  50 unique trade(s) fetched
  0 new candidate trade(s) within 4h window ≥ $10,000
[2026-05-08T17:00Z] Fetching 6 page(s)…
  50 unique trade(s) fetched
  0 new candidate trade(s) within 4h window ≥ $10,000
[2026-05-08T17:30Z] Fetching 6 page(s)…
  50 unique trade(s) fetched
  0 new candidate trade(s) within 4h window ≥ $10,000
[2026-05-08T18:00Z] Fetching 6 page(s)…
  50 unique trade(s) fetched
  0 new candidate trade(s) within 4h window ≥ $10,000
[2026-05-08T18:30Z] Fetching 6 page(s)…
  50 unique trade(s) fetched
  0 new candidate trade(s) within 4h window ≥ $10,000
[2026-05-08T19:00Z] Fetching 6 page(s)…
  50 unique trade(s) fetched
  0 new candidate trade(s) within 4h window ≥ $10,000
[2026-05-08T19:30Z] Fetching 6 page(s)…
  50 unique trade(s) fetched
  0 new candidate trade(s) within 4h window ≥ $10,000
[2026-05-08T20:00Z] Fetching 6 page(s)…
  50 unique trade(s) fetched
  0 new candidate trade(s) within 4h window ≥ $10,000
[2026-05-08T20:30Z] Fetching 6 page(s)…
  50 unique trade(s) fetched
  0 new candidate trade(s) within 4h window ≥ $10,000, 1 stale (>4h old)
[2026-05-08T21:00Z] Fetching 6 page(s)…
  50 unique trade(s) fetched
  0 new candidate trade(s) within 4h window ≥ $10,000
[2026-05-08T21:30Z] Fetching 6 page(s)…
  50 unique trade(s) fetched
  0 new candidate trade(s) within 4h window ≥ $10,000
[2026-05-08T22:00Z] Fetching 6 page(s)…
  50 unique trade(s) fetched
  1 new candidate trade(s) within 4h window ≥ $10,000
  1 market(s) to alert
  [1/1] Sent: Will Rebecca Scriven win the by-election for the seat of Far
Done. 1 market alert(s), 1 trade(s) added to state.
[2026-05-08T22:30Z] Fetching 6 page(s)…
  50 unique trade(s) fetched
  0 new candidate trade(s) within 4h window ≥ $10,000
[2026-05-08T23:00Z] Fetching 6 page(s)…
  50 unique trade(s) fetched
  0 new candidate trade(s) within 4h window ≥ $10,000
[2026-05-08T23:30Z] Fetching 6 page(s)…
  50 unique trade(s) fetched
  0 new candidate trade(s) within 4h window ≥ $10,000
[2026-05-09T00:00Z] Fetching 6 page(s)…
  50 unique trade(s) fetched
  0 new candidate trade(s) within 4h window ≥ $10,000
[2026-05-09T00:30Z] Fetching 6 page(s)…
  50 unique trade(s) fetched
  0 new candidate trade(s) within 4h window ≥ $10,000
[2026-05-09T01:00Z] Fetching 6 page(s)…
  50 unique trade(s) fetched
  0 new candidate trade(s) within 4h window ≥ $10,000
[2026-05-09T01:30Z] Fetching 6 page(s)…
  50 unique trade(s) fetched
  0 new candidate trade(s) within 4h window ≥ $10,000
[2026-05-09T02:00Z] Fetching 6 page(s)…
  50 unique trade(s) fetched
  0 new candidate trade(s) within 4h window ≥ $10,000
[2026-05-09T02:30Z] Fetching 6 page(s)…
  50 unique trade(s) fetched
  0 new candidate trade(s) within 4h window ≥ $10,000
[2026-05-09T03:00Z] Fetching 6 page(s)…
  50 unique trade(s) fetched
  0 new candidate trade(s) within 4h window ≥ $10,000
[2026-05-09T03:30Z] Fetching 6 page(s)…
  50 unique trade(s) fetched
  0 new candidate trade(s) within 4h window ≥ $10,000
[2026-05-09T04:00Z] Fetching 6 page(s)…
  50 unique trade(s) fetched
  0 new candidate trade(s) within 4h window ≥ $10,000
[2026-05-09T04:30Z] Fetching 6 page(s)…
  50 unique trade(s) fetched
  0 new candidate trade(s) within 4h window ≥ $10,000
[2026-05-09T05:00Z] Fetching 6 page(s)…
  50 unique trade(s) fetched
  0 new candidate trade(s) within 4h window ≥ $10,000
[2026-05-09T05:30Z] Fetching 6 page(s)…
  50 unique trade(s) fetched
  0 new candidate trade(s) within 4h window ≥ $10,000
[2026-05-09T06:00Z] Fetching 6 page(s)…
  50 unique trade(s) fetched
  0 new candidate trade(s) within 4h window ≥ $10,000
[2026-05-09T06:30Z] Fetching 6 page(s)…
  50 unique trade(s) fetched
  0 new candidate trade(s) within 4h window ≥ $10,000
[2026-05-09T07:00Z] Fetching 6 page(s)…
  50 unique trade(s) fetched
  0 new candidate trade(s) within 4h window ≥ $10,000
[2026-05-09T07:30Z] Fetching 6 page(s)…
  50 unique trade(s) fetched
  0 new candidate trade(s) within 4h window ≥ $10,000
[2026-05-09T08:00Z] Fetching 6 page(s)…
  50 unique trade(s) fetched
  0 new candidate trade(s) within 4h window ≥ $10,000
[2026-05-09T08:30Z] Fetching 6 page(s)…
  50 unique trade(s) fetched
  0 new candidate trade(s) within 4h window ≥ $10,000
[2026-05-09T09:00Z] Fetching 6 page(s)…
  50 unique trade(s) fetched
  0 new candidate trade(s) within 4h window ≥ $10,000
[2026-05-09T09:30Z] Fetching 6 page(s)…
  50 unique trade(s) fetched
  0 new candidate trade(s) within 4h window ≥ $10,000
[2026-05-09T10:00Z] Fetching 6 page(s)…
  50 unique trade(s) fetched
  0 new candidate trade(s) within 4h window ≥ $10,000
[2026-05-09T10:30Z] Fetching 6 page(s)…
  50 unique trade(s) fetched
  0 new candidate trade(s) within 4h window ≥ $10,000
[2026-05-09T11:00Z] Fetching 6 page(s)…
  50 unique trade(s) fetched
  0 new candidate trade(s) within 4h window ≥ $10,000
[2026-05-09T11:30Z] Fetching 6 page(s)…
  50 unique trade(s) fetched
  0 new candidate trade(s) within 4h window ≥ $10,000
[2026-05-09T12:00Z] Fetching 6 page(s)…
  50 unique trade(s) fetched
  0 new candidate trade(s) within 4h window ≥ $10,000
[2026-05-09T12:30Z] Fetching 6 page(s)…
  50 unique trade(s) fetched
  0 new candidate trade(s) within 4h window ≥ $10,000, 1 stale (>4h old)
[2026-05-09T13:00Z] Fetching 6 page(s)…
  50 unique trade(s) fetched
  0 new candidate trade(s) within 4h window ≥ $10,000, 1 stale (>4h old)
[2026-05-09T13:30Z] Fetching 6 page(s)…
  50 unique trade(s) fetched
  2 new candidate trade(s) within 4h window ≥ $10,000, 1 stale (>4h old)
  1 market(s) to alert
  [1/1] Sent: Will Elon Musk post 65-89 tweets from May 7 to May 9, 2026?
Done. 1 market alert(s), 2 trade(s) added to state.
[2026-05-09T14:00Z] Fetching 6 page(s)…
  50 unique trade(s) fetched
  0 new candidate trade(s) within 4h window ≥ $10,000, 1 stale (>4h old)
[2026-05-09T14:30Z] Fetching 6 page(s)…
  50 unique trade(s) fetched
  0 new candidate trade(s) within 4h window ≥ $10,000, 1 stale (>4h old)
[2026-05-09T15:00Z] Fetching 6 page(s)…
  50 unique trade(s) fetched
  0 new candidate trade(s) within 4h window ≥ $10,000
[2026-05-09T15:30Z] Fetching 6 page(s)…
  50 unique trade(s) fetched
  0 new candidate trade(s) within 4h window ≥ $10,000
[2026-05-09T16:00Z] Fetching 6 page(s)…
  50 unique trade(s) fetched
  0 new candidate trade(s) within 4h window ≥ $10,000
[2026-05-09T16:30Z] Fetching 6 page(s)…
  50 unique trade(s) fetched
  0 new candidate trade(s) within 4h window ≥ $10,000
[2026-05-09T17:00Z] Fetching 6 page(s)…
  50 unique trade(s) fetched
  0 new candidate trade(s) within 4h window ≥ $10,000
[2026-05-09T17:30Z] Fetching 6 page(s)…
  50 unique trade(s) fetched
  0 new candidate trade(s) within 4h window ≥ $10,000
[2026-05-09T18:00Z] Fetching 6 page(s)…
  50 unique trade(s) fetched
  0 new candidate trade(s) within 4h window ≥ $10,000
[2026-05-09T18:30Z] Fetching 6 page(s)…
  50 unique trade(s) fetched
  0 new candidate trade(s) within 4h window ≥ $10,000
[2026-05-09T19:00Z] Fetching 6 page(s)…
  50 unique trade(s) fetched
  0 new candidate trade(s) within 4h window ≥ $10,000
[2026-05-09T19:30Z] Fetching 6 page(s)…
  50 unique trade(s) fetched
  0 new candidate trade(s) within 4h window ≥ $10,000
[2026-05-09T20:00Z] Fetching 6 page(s)…
  50 unique trade(s) fetched
  0 new candidate trade(s) within 4h window ≥ $10,000
[2026-05-09T20:30Z] Fetching 6 page(s)…
  50 unique trade(s) fetched
  0 new candidate trade(s) within 4h window ≥ $10,000
[2026-05-09T21:00Z] Fetching 6 page(s)…
  50 unique trade(s) fetched
  0 new candidate trade(s) within 4h window ≥ $10,000
[2026-05-09T21:30Z] Fetching 6 page(s)…
  50 unique trade(s) fetched
  0 new candidate trade(s) within 4h window ≥ $10,000
[2026-05-09T22:00Z] Fetching 6 page(s)…
  50 unique trade(s) fetched
  0 new candidate trade(s) within 4h window ≥ $10,000
[2026-05-09T22:30Z] Fetching 6 page(s)…
  50 unique trade(s) fetched
  0 new candidate trade(s) within 4h window ≥ $10,000
[2026-05-09T23:00Z] Fetching 6 page(s)…
  50 unique trade(s) fetched
  0 new candidate trade(s) within 4h window ≥ $10,000
[2026-05-09T23:30Z] Fetching 6 page(s)…
  50 unique trade(s) fetched
  0 new candidate trade(s) within 4h window ≥ $10,000
[2026-05-10T00:00Z] Fetching 6 page(s)…
  50 unique trade(s) fetched
  0 new candidate trade(s) within 4h window ≥ $10,000
[2026-05-10T00:30Z] Fetching 6 page(s)…
  50 unique trade(s) fetched
  0 new candidate trade(s) within 4h window ≥ $10,000
[2026-05-10T01:00Z] Fetching 6 page(s)…
  50 unique trade(s) fetched
  0 new candidate trade(s) within 4h window ≥ $10,000
[2026-05-10T01:30Z] Fetching 6 page(s)…
  50 unique trade(s) fetched
  0 new candidate trade(s) within 4h window ≥ $10,000
[2026-05-10T02:00Z] Fetching 6 page(s)…
  50 unique trade(s) fetched
  0 new candidate trade(s) within 4h window ≥ $10,000
[2026-05-10T02:30Z] Fetching 6 page(s)…
  50 unique trade(s) fetched
  0 new candidate trade(s) within 4h window ≥ $10,000
[2026-05-10T03:00Z] Fetching 6 page(s)…
  50 unique trade(s) fetched
  0 new candidate trade(s) within 4h window ≥ $10,000
[2026-05-10T03:30Z] Fetching 6 page(s)…
  50 unique trade(s) fetched
  0 new candidate trade(s) within 4h window ≥ $10,000
[2026-05-10T04:00Z] Fetching 6 page(s)…
  50 unique trade(s) fetched
  0 new candidate trade(s) within 4h window ≥ $10,000
[2026-05-10T04:30Z] Fetching 6 page(s)…
  50 unique trade(s) fetched
  0 new candidate trade(s) within 4h window ≥ $10,000
[2026-05-10T05:00Z] Fetching 6 page(s)…
  50 unique trade(s) fetched
  0 new candidate trade(s) within 4h window ≥ $10,000
[2026-05-10T05:30Z] Fetching 6 page(s)…
  50 unique trade(s) fetched
  0 new candidate trade(s) within 4h window ≥ $10,000
[2026-05-10T06:00Z] Fetching 6 page(s)…
  50 unique trade(s) fetched
  0 new candidate trade(s) within 4h window ≥ $10,000
[2026-05-10T06:30Z] Fetching 6 page(s)…
  50 unique trade(s) fetched
  0 new candidate trade(s) within 4h window ≥ $10,000
[2026-05-10T07:00Z] Fetching 6 page(s)…
  50 unique trade(s) fetched
  0 new candidate trade(s) within 4h window ≥ $10,000
[2026-05-10T07:30Z] Fetching 6 page(s)…
  50 unique trade(s) fetched
  0 new candidate trade(s) within 4h window ≥ $10,000
[2026-05-10T08:00Z] Fetching 6 page(s)…
  50 unique trade(s) fetched
  0 new candidate trade(s) within 4h window ≥ $10,000
[2026-05-10T08:30Z] Fetching 6 page(s)…
  50 unique trade(s) fetched
  0 new candidate trade(s) within 4h window ≥ $10,000
[2026-05-10T09:00Z] Fetching 6 page(s)…
  50 unique trade(s) fetched
  0 new candidate trade(s) within 4h window ≥ $10,000
[2026-05-10T09:30Z] Fetching 6 page(s)…
  50 unique trade(s) fetched
  0 new candidate trade(s) within 4h window ≥ $10,000
[2026-05-10T10:00Z] Fetching 6 page(s)…
  50 unique trade(s) fetched
  0 new candidate trade(s) within 4h window ≥ $10,000
[2026-05-10T10:30Z] Fetching 6 page(s)…
  50 unique trade(s) fetched
  0 new candidate trade(s) within 4h window ≥ $10,000
[2026-05-10T11:00Z] Fetching 6 page(s)…
  50 unique trade(s) fetched
  0 new candidate trade(s) within 4h window ≥ $10,000
[2026-05-10T11:30Z] Fetching 6 page(s)…
  50 unique trade(s) fetched
  0 new candidate trade(s) within 4h window ≥ $10,000
[2026-05-10T12:00Z] Fetching 6 page(s)…
  50 unique trade(s) fetched
  0 new candidate trade(s) within 4h window ≥ $10,000
[2026-05-10T12:30Z] Fetching 6 page(s)…
  50 unique trade(s) fetched
  0 new candidate trade(s) within 4h window ≥ $10,000
[2026-05-10T13:00Z] Fetching 6 page(s)…
  50 unique trade(s) fetched
  0 new candidate trade(s) within 4h window ≥ $10,000
[2026-05-10T13:30Z] Fetching 6 page(s)…
  50 unique trade(s) fetched
  0 new candidate trade(s) within 4h window ≥ $10,000
[2026-05-10T14:00Z] Fetching 6 page(s)…
  50 unique trade(s) fetched
  0 new candidate trade(s) within 4h window ≥ $10,000
[2026-05-10T14:30Z] Fetching 6 page(s)…
  50 unique trade(s) fetched
  0 new candidate trade(s) within 4h window ≥ $10,000
[2026-05-10T15:00Z] Fetching 6 page(s)…
  50 unique trade(s) fetched
  0 new candidate trade(s) within 4h window ≥ $10,000
[2026-05-10T15:30Z] Fetching 6 page(s)…
  50 unique trade(s) fetched
  0 new candidate trade(s) within 4h window ≥ $10,000
[2026-05-10T16:00Z] Fetching 6 page(s)…
  50 unique trade(s) fetched
  0 new candidate trade(s) within 4h window ≥ $10,000
[2026-05-10T16:30Z] Fetching 6 page(s)…
  50 unique trade(s) fetched
  0 new candidate trade(s) within 4h window ≥ $10,000
[2026-05-10T17:00Z] Fetching 6 page(s)…
  50 unique trade(s) fetched
  0 new candidate trade(s) within 4h window ≥ $10,000
[2026-05-10T17:30Z] Fetching 6 page(s)…
  50 unique trade(s) fetched
  0 new candidate trade(s) within 4h window ≥ $10,000
[2026-05-10T18:00Z] Fetching 6 page(s)…
  50 unique trade(s) fetched
  0 new candidate trade(s) within 4h window ≥ $10,000
[2026-05-10T18:30Z] Fetching 6 page(s)…
  50 unique trade(s) fetched
  0 new candidate trade(s) within 4h window ≥ $10,000
[2026-05-10T19:00Z] Fetching 6 page(s)…
  50 unique trade(s) fetched
  0 new candidate trade(s) within 4h window ≥ $10,000
[2026-05-10T19:30Z] Fetching 6 page(s)…
  50 unique trade(s) fetched
  0 new candidate trade(s) within 4h window ≥ $10,000
[2026-05-10T20:00Z] Fetching 6 page(s)…
  50 unique trade(s) fetched
  0 new candidate trade(s) within 4h window ≥ $10,000
[2026-05-11T06:30Z] Fetching 6 page(s)…
  50 unique trade(s) fetched
  0 new candidate trade(s) within 4h window ≥ $10,000
[2026-05-11T07:00Z] Fetching 6 page(s)…
  50 unique trade(s) fetched
  0 new candidate trade(s) within 4h window ≥ $10,000
[2026-05-11T07:30Z] Fetching 6 page(s)…
  50 unique trade(s) fetched
  0 new candidate trade(s) within 4h window ≥ $10,000
[2026-05-11T08:00Z] Fetching 6 page(s)…
  50 unique trade(s) fetched
  0 new candidate trade(s) within 4h window ≥ $10,000
[2026-05-11T08:30Z] Fetching 6 page(s)…
  50 unique trade(s) fetched
  0 new candidate trade(s) within 4h window ≥ $10,000
[2026-05-11T09:00Z] Fetching 6 page(s)…
  50 unique trade(s) fetched
  0 new candidate trade(s) within 4h window ≥ $10,000
[2026-05-11T09:30Z] Fetching 6 page(s)…
  50 unique trade(s) fetched
  0 new candidate trade(s) within 4h window ≥ $10,000
[2026-05-11T10:00Z] Fetching 6 page(s)…
  50 unique trade(s) fetched
  0 new candidate trade(s) within 4h window ≥ $10,000
[2026-05-11T10:30Z] Fetching 6 page(s)…
  50 unique trade(s) fetched
  0 new candidate trade(s) within 4h window ≥ $10,000
[2026-05-11T11:00Z] Fetching 6 page(s)…
  50 unique trade(s) fetched
  0 new candidate trade(s) within 4h window ≥ $10,000
[2026-05-11T11:30Z] Fetching 6 page(s)…
  50 unique trade(s) fetched
  0 new candidate trade(s) within 4h window ≥ $10,000
[2026-05-11T12:00Z] Fetching 6 page(s)…
  50 unique trade(s) fetched
  0 new candidate trade(s) within 4h window ≥ $10,000
[2026-05-11T12:30Z] Fetching 6 page(s)…
  50 unique trade(s) fetched
  1 new candidate trade(s) within 4h window ≥ $10,000, 1 stale (>4h old)
  1 market(s) to alert
  [1/1] Sent: Will Elon Musk post 65-89 tweets from May 9 to May 11, 2026?
Done. 1 market alert(s), 1 trade(s) added to state.
[2026-05-11T13:00Z] Fetching 6 page(s)…
  50 unique trade(s) fetched
  0 new candidate trade(s) within 4h window ≥ $10,000, 2 stale (>4h old)
[2026-05-11T13:30Z] Fetching 6 page(s)…
  50 unique trade(s) fetched
  0 new candidate trade(s) within 4h window ≥ $10,000, 2 stale (>4h old)
[2026-05-11T14:00Z] Fetching 6 page(s)…
  50 unique trade(s) fetched
  0 new candidate trade(s) within 4h window ≥ $10,000, 2 stale (>4h old)
[2026-05-11T14:30Z] Fetching 6 page(s)…
  50 unique trade(s) fetched
  1 new candidate trade(s) within 4h window ≥ $10,000, 2 stale (>4h old)
  1 market(s) to alert
  [1/1] Sent: Will Elon Musk post 40-64 tweets from May 9 to May 11, 2026?
Done. 1 market alert(s), 1 trade(s) added to state.
[2026-05-11T15:00Z] Fetching 6 page(s)…
  50 unique trade(s) fetched
  0 new candidate trade(s) within 4h window ≥ $10,000, 1 stale (>4h old)
[2026-05-11T15:30Z] Fetching 6 page(s)…
  50 unique trade(s) fetched
  0 new candidate trade(s) within 4h window ≥ $10,000
[2026-05-11T16:00Z] Fetching 6 page(s)…
  50 unique trade(s) fetched
  1 new candidate trade(s) within 4h window ≥ $10,000
  1 market(s) to alert
  [1/1] Sent: S&P 500 (SPX) Up or Down on May 11?
Done. 1 market alert(s), 1 trade(s) added to state.
